Archive member included because of file (symbol)

c:/users/ismail/downloads/amit/sdk_win_64/sdk_win_64/winavr/bin/../lib/gcc/avr/4.3.3/avr5\libgcc.a(_udivmodhi4.o)
                              ./Application/App.o (__udivmodhi4)
c:/users/ismail/downloads/amit/sdk_win_64/sdk_win_64/winavr/bin/../lib/gcc/avr/4.3.3/avr5\libgcc.a(_divmodhi4.o)
                              ./Application/Calculator.o (__divmodhi4)
c:/users/ismail/downloads/amit/sdk_win_64/sdk_win_64/winavr/bin/../lib/gcc/avr/4.3.3/avr5\libgcc.a(_udivmodsi4.o)
                              ./HAL/LCD/LCD.o (__udivmodsi4)
c:/users/ismail/downloads/amit/sdk_win_64/sdk_win_64/winavr/bin/../lib/gcc/avr/4.3.3/avr5\libgcc.a(_exit.o)
                              c:/users/ismail/downloads/amit/sdk_win_64/sdk_win_64/winavr/bin/../lib/gcc/avr/4.3.3/../../../../avr/lib/avr5/crtm32.o (exit)
c:/users/ismail/downloads/amit/sdk_win_64/sdk_win_64/winavr/bin/../lib/gcc/avr/4.3.3/avr5\libgcc.a(_copy_data.o)
                              ./HAL/KeyPad/KeyPad.o (__do_copy_data)
c:/users/ismail/downloads/amit/sdk_win_64/sdk_win_64/winavr/bin/../lib/gcc/avr/4.3.3/avr5\libgcc.a(_clear_bss.o)
                              ./MCAL/Timer0/Timer0.o (__do_clear_bss)

Memory Configuration

Name             Origin             Length             Attributes
text             0x00000000         0x00020000         xr
data             0x00800060         0x0000ffa0         rw !x
eeprom           0x00810000         0x00010000         rw !x
fuse             0x00820000         0x00000400         rw !x
lock             0x00830000         0x00000400         rw !x
signature        0x00840000         0x00000400         rw !x
*default*        0x00000000         0xffffffff

Linker script and memory map

LOAD c:/users/ismail/downloads/amit/sdk_win_64/sdk_win_64/winavr/bin/../lib/gcc/avr/4.3.3/../../../../avr/lib/avr5/crtm32.o
LOAD ./MCAL/Timer0/Timer0.o
LOAD ./MCAL/PORT/PORT.o
LOAD ./MCAL/GIE/GIE.o
LOAD ./MCAL/EXIT/EXIT.o
LOAD ./MCAL/DIO/DIO.o
LOAD ./MCAL/ADC/ADC.o
LOAD ./HAL/SevenSegment/SevenSegment.o
LOAD ./HAL/LCD/LCD.o
LOAD ./HAL/KeyPad/KeyPad.o
LOAD ./Application/App.o
LOAD ./Application/Calculator.o
LOAD c:/users/ismail/downloads/amit/sdk_win_64/sdk_win_64/winavr/bin/../lib/gcc/avr/4.3.3/avr5\libgcc.a
LOAD c:/users/ismail/downloads/amit/sdk_win_64/sdk_win_64/winavr/bin/../lib/gcc/avr/4.3.3/../../../../avr/lib/avr5\libc.a
LOAD c:/users/ismail/downloads/amit/sdk_win_64/sdk_win_64/winavr/bin/../lib/gcc/avr/4.3.3/avr5\libgcc.a

.hash
 *(.hash)

.dynsym
 *(.dynsym)

.dynstr
 *(.dynstr)

.gnu.version
 *(.gnu.version)

.gnu.version_d
 *(.gnu.version_d)

.gnu.version_r
 *(.gnu.version_r)

.rel.init
 *(.rel.init)

.rela.init
 *(.rela.init)

.rel.text
 *(.rel.text)
 *(.rel.text.*)
 *(.rel.gnu.linkonce.t*)

.rela.text
 *(.rela.text)
 *(.rela.text.*)
 *(.rela.gnu.linkonce.t*)

.rel.fini
 *(.rel.fini)

.rela.fini
 *(.rela.fini)

.rel.rodata
 *(.rel.rodata)
 *(.rel.rodata.*)
 *(.rel.gnu.linkonce.r*)

.rela.rodata
 *(.rela.rodata)
 *(.rela.rodata.*)
 *(.rela.gnu.linkonce.r*)

.rel.data
 *(.rel.data)
 *(.rel.data.*)
 *(.rel.gnu.linkonce.d*)

.rela.data
 *(.rela.data)
 *(.rela.data.*)
 *(.rela.gnu.linkonce.d*)

.rel.ctors
 *(.rel.ctors)

.rela.ctors
 *(.rela.ctors)

.rel.dtors
 *(.rel.dtors)

.rela.dtors
 *(.rela.dtors)

.rel.got
 *(.rel.got)

.rela.got
 *(.rela.got)

.rel.bss
 *(.rel.bss)

.rela.bss
 *(.rela.bss)

.rel.plt
 *(.rel.plt)

.rela.plt
 *(.rela.plt)

.text           0x00000000     0x1436
 *(.vectors)
 .vectors       0x00000000       0x54 c:/users/ismail/downloads/amit/sdk_win_64/sdk_win_64/winavr/bin/../lib/gcc/avr/4.3.3/../../../../avr/lib/avr5/crtm32.o
                0x00000000                __vectors
                0x00000000                __vector_default
 *(.vectors)
 *(.progmem.gcc*)
 *(.progmem*)
                0x00000054                . = ALIGN (0x2)
                0x00000054                __trampolines_start = .
 *(.trampolines)
 .trampolines   0x00000054        0x0 linker stubs
 *(.trampolines*)
                0x00000054                __trampolines_end = .
 *(.jumptables)
 *(.jumptables*)
 *(.lowtext)
 *(.lowtext*)
                0x00000054                __ctors_start = .
 *(.ctors)
                0x00000054                __ctors_end = .
                0x00000054                __dtors_start = .
 *(.dtors)
                0x00000054                __dtors_end = .
 SORT(*)(.ctors)
 SORT(*)(.dtors)
 *(.init0)
 .init0         0x00000054        0x0 c:/users/ismail/downloads/amit/sdk_win_64/sdk_win_64/winavr/bin/../lib/gcc/avr/4.3.3/../../../../avr/lib/avr5/crtm32.o
                0x00000054                __init
 *(.init0)
 *(.init1)
 *(.init1)
 *(.init2)
 .init2         0x00000054        0xc c:/users/ismail/downloads/amit/sdk_win_64/sdk_win_64/winavr/bin/../lib/gcc/avr/4.3.3/../../../../avr/lib/avr5/crtm32.o
 *(.init2)
 *(.init3)
 *(.init3)
 *(.init4)
 .init4         0x00000060       0x16 c:/users/ismail/downloads/amit/sdk_win_64/sdk_win_64/winavr/bin/../lib/gcc/avr/4.3.3/avr5\libgcc.a(_copy_data.o)
                0x00000060                __do_copy_data
 .init4         0x00000076       0x10 c:/users/ismail/downloads/amit/sdk_win_64/sdk_win_64/winavr/bin/../lib/gcc/avr/4.3.3/avr5\libgcc.a(_clear_bss.o)
                0x00000076                __do_clear_bss
 *(.init4)
 *(.init5)
 *(.init5)
 *(.init6)
 *(.init6)
 *(.init7)
 *(.init7)
 *(.init8)
 *(.init8)
 *(.init9)
 .init9         0x00000086        0x8 c:/users/ismail/downloads/amit/sdk_win_64/sdk_win_64/winavr/bin/../lib/gcc/avr/4.3.3/../../../../avr/lib/avr5/crtm32.o
 *(.init9)
 *(.text)
 .text          0x0000008e        0x4 c:/users/ismail/downloads/amit/sdk_win_64/sdk_win_64/winavr/bin/../lib/gcc/avr/4.3.3/../../../../avr/lib/avr5/crtm32.o
                0x0000008e                __vector_12
                0x0000008e                __bad_interrupt
                0x0000008e                __vector_6
                0x0000008e                __vector_13
                0x0000008e                __vector_17
                0x0000008e                __vector_19
                0x0000008e                __vector_7
                0x0000008e                __vector_5
                0x0000008e                __vector_4
                0x0000008e                __vector_9
                0x0000008e                __vector_15
                0x0000008e                __vector_8
                0x0000008e                __vector_14
                0x0000008e                __vector_18
                0x0000008e                __vector_20
 .text          0x00000092        0x0 ./MCAL/Timer0/Timer0.o
 .text          0x00000092        0x0 ./MCAL/PORT/PORT.o
 .text          0x00000092        0x0 ./MCAL/GIE/GIE.o
 .text          0x00000092        0x0 ./MCAL/EXIT/EXIT.o
 .text          0x00000092        0x0 ./MCAL/DIO/DIO.o
 .text          0x00000092        0x0 ./MCAL/ADC/ADC.o
 .text          0x00000092        0x0 ./HAL/SevenSegment/SevenSegment.o
 .text          0x00000092        0x0 ./HAL/LCD/LCD.o
 .text          0x00000092        0x0 ./HAL/KeyPad/KeyPad.o
 .text          0x00000092        0x0 ./Application/App.o
 .text          0x00000092        0x0 ./Application/Calculator.o
 .text          0x00000092        0x0 c:/users/ismail/downloads/amit/sdk_win_64/sdk_win_64/winavr/bin/../lib/gcc/avr/4.3.3/avr5\libgcc.a(_udivmodhi4.o)
 .text          0x00000092        0x0 c:/users/ismail/downloads/amit/sdk_win_64/sdk_win_64/winavr/bin/../lib/gcc/avr/4.3.3/avr5\libgcc.a(_divmodhi4.o)
 .text          0x00000092        0x0 c:/users/ismail/downloads/amit/sdk_win_64/sdk_win_64/winavr/bin/../lib/gcc/avr/4.3.3/avr5\libgcc.a(_udivmodsi4.o)
 .text          0x00000092        0x0 c:/users/ismail/downloads/amit/sdk_win_64/sdk_win_64/winavr/bin/../lib/gcc/avr/4.3.3/avr5\libgcc.a(_exit.o)
 .text          0x00000092        0x0 c:/users/ismail/downloads/amit/sdk_win_64/sdk_win_64/winavr/bin/../lib/gcc/avr/4.3.3/avr5\libgcc.a(_copy_data.o)
 .text          0x00000092        0x0 c:/users/ismail/downloads/amit/sdk_win_64/sdk_win_64/winavr/bin/../lib/gcc/avr/4.3.3/avr5\libgcc.a(_clear_bss.o)
                0x00000092                . = ALIGN (0x2)
 *(.text.*)
 .text.TIMER0_Init
                0x00000092       0x2c ./MCAL/Timer0/Timer0.o
                0x00000092                TIMER0_Init
 .text.TIMER0_SetPreload
                0x000000be        0x4 ./MCAL/Timer0/Timer0.o
                0x000000be                TIMER0_SetPreload
 .text.TIMER0_SetCTC
                0x000000c2        0x4 ./MCAL/Timer0/Timer0.o
                0x000000c2                TIMER0_SetCTC
 .text.TIMER0_OVERFLOW_CALLBACK
                0x000000c6       0x1c ./MCAL/Timer0/Timer0.o
                0x000000c6                TIMER0_OVERFLOW_CALLBACK
 .text.TIMER0_CTC_CALLBACK
                0x000000e2       0x1c ./MCAL/Timer0/Timer0.o
                0x000000e2                TIMER0_CTC_CALLBACK
 .text.__vector_10
                0x000000fe       0x52 ./MCAL/Timer0/Timer0.o
                0x000000fe                __vector_10
 .text.__vector_11
                0x00000150       0x52 ./MCAL/Timer0/Timer0.o
                0x00000150                __vector_11
 .text.Pwm0_SetDutyCycle
                0x000001a2       0x2e ./MCAL/Timer0/Timer0.o
                0x000001a2                Pwm0_SetDutyCycle
 .text.Timer0_Start
                0x000001d0       0x14 ./MCAL/Timer0/Timer0.o
                0x000001d0                Timer0_Start
 .text.Timer0_Stop
                0x000001e4       0x14 ./MCAL/Timer0/Timer0.o
                0x000001e4                Timer0_Stop
 .text.Pwm0_Start
                0x000001f8        0x6 ./MCAL/Timer0/Timer0.o
                0x000001f8                Pwm0_Start
 .text.Pwm0_Stop
                0x000001fe        0x6 ./MCAL/Timer0/Timer0.o
                0x000001fe                Pwm0_Stop
 .text.Pwm0_Init
                0x00000204       0x22 ./MCAL/Timer0/Timer0.o
                0x00000204                Pwm0_Init
 .text.Port_Init
                0x00000226       0x18 ./MCAL/PORT/PORT.o
                0x00000226                Port_Init
 .text.Port_enuSetPinDirection
                0x0000023e       0xfa ./MCAL/PORT/PORT.o
                0x0000023e                Port_enuSetPinDirection
 .text.Port_enuSetPinMode
                0x00000338      0x236 ./MCAL/PORT/PORT.o
                0x00000338                Port_enuSetPinMode
 .text.GIEMode  0x0000056e       0x16 ./MCAL/GIE/GIE.o
                0x0000056e                GIEMode
 .text.EXIT0_Init
                0x00000584       0x14 ./MCAL/EXIT/EXIT.o
                0x00000584                EXIT0_Init
 .text.EXIT1_Init
                0x00000598       0x14 ./MCAL/EXIT/EXIT.o
                0x00000598                EXIT1_Init
 .text.EXIT2_Init
                0x000005ac        0xe ./MCAL/EXIT/EXIT.o
                0x000005ac                EXIT2_Init
 .text.EXTI_voidClearFlag
                0x000005ba       0x24 ./MCAL/EXIT/EXIT.o
                0x000005ba                EXTI_voidClearFlag
 .text.EXTI_voidCallBack
                0x000005de       0x16 ./MCAL/EXIT/EXIT.o
                0x000005de                EXTI_voidCallBack
 .text.__vector_1
                0x000005f4       0x58 ./MCAL/EXIT/EXIT.o
                0x000005f4                __vector_1
 .text.__vector_2
                0x0000064c       0x58 ./MCAL/EXIT/EXIT.o
                0x0000064c                __vector_2
 .text.__vector_3
                0x000006a4       0x58 ./MCAL/EXIT/EXIT.o
                0x000006a4                __vector_3
 .text.Dio_enuWriteChannel
                0x000006fc      0x164 ./MCAL/DIO/DIO.o
                0x000006fc                Dio_enuWriteChannel
 .text.Dio_enuReadChannel
                0x00000860       0xa6 ./MCAL/DIO/DIO.o
                0x00000860                Dio_enuReadChannel
 .text.Dio_enuWritePort
                0x00000906       0x2e ./MCAL/DIO/DIO.o
                0x00000906                Dio_enuWritePort
 .text.Dio_enuReadPort
                0x00000934       0x3a ./MCAL/DIO/DIO.o
                0x00000934                Dio_enuReadPort
 .text.Dio_enuFlipChannel
                0x0000096e       0xd4 ./MCAL/DIO/DIO.o
                0x0000096e                Dio_enuFlipChannel
 .text.DIO_SetNibbleValue
                0x00000a42       0xb0 ./MCAL/DIO/DIO.o
                0x00000a42                DIO_SetNibbleValue
 .text.ADC_Init
                0x00000af2       0x10 ./MCAL/ADC/ADC.o
                0x00000af2                ADC_Init
 .text.ADC_Stop
                0x00000b02        0x4 ./MCAL/ADC/ADC.o
                0x00000b02                ADC_Stop
 .text.__vector_16
                0x00000b06       0x16 ./MCAL/ADC/ADC.o
                0x00000b06                __vector_16
 .text.ADC_StartConversion
                0x00000b1c       0x22 ./MCAL/ADC/ADC.o
                0x00000b1c                ADC_StartConversion
 .text.SEVENSEGMENT_SetMode
                0x00000b3e       0x1a ./HAL/SevenSegment/SevenSegment.o
                0x00000b3e                SEVENSEGMENT_SetMode
 .text.SEVENSEGMENT_Init
                0x00000b58       0x56 ./HAL/SevenSegment/SevenSegment.o
                0x00000b58                SEVENSEGMENT_Init
 .text.LCD_WriteChar4Bit
                0x00000bae       0x6c ./HAL/LCD/LCD.o
                0x00000bae                LCD_WriteChar4Bit
 .text.LCD_WriteNumber
                0x00000c1a       0xd2 ./HAL/LCD/LCD.o
                0x00000c1a                LCD_WriteNumber
 .text.LCD_WriteCommand4Bit
                0x00000cec       0x6c ./HAL/LCD/LCD.o
                0x00000cec                LCD_WriteCommand4Bit
 .text.LCD_CustomChar
                0x00000d58       0x3e ./HAL/LCD/LCD.o
                0x00000d58                LCD_CustomChar
 .text.LCD_SetCursorPosition
                0x00000d96       0x20 ./HAL/LCD/LCD.o
                0x00000d96                LCD_SetCursorPosition
 .text.LCD_WriteString
                0x00000db6       0x60 ./HAL/LCD/LCD.o
                0x00000db6                LCD_WriteString
 .text.LCDInit4BitMode
                0x00000e16       0xb2 ./HAL/LCD/LCD.o
                0x00000e16                LCDInit4BitMode
 .text.keypressed
                0x00000ec8      0x104 ./HAL/KeyPad/KeyPad.o
                0x00000ec8                keypressed
 .text.KeyPad_GetPressedButton
                0x00000fcc       0xd2 ./HAL/KeyPad/KeyPad.o
                0x00000fcc                KeyPad_GetPressedButton
 .text.KeyPadInit
                0x0000109e       0x82 ./HAL/KeyPad/KeyPad.o
                0x0000109e                KeyPadInit
 .text.main     0x00001120      0x116 ./Application/App.o
                0x00001120                main
 .text.DispNumber
                0x00001236       0x4e ./Application/Calculator.o
                0x00001236                DispNumber
 .text.DispError
                0x00001284       0x74 ./Application/Calculator.o
                0x00001284                DispError
 .text.GetOperation
                0x000012f8       0x2a ./Application/Calculator.o
                0x000012f8                GetOperation
 .text.GetNumber
                0x00001322       0x7e ./Application/Calculator.o
                0x00001322                GetNumber
 .text.libgcc   0x000013a0       0x28 c:/users/ismail/downloads/amit/sdk_win_64/sdk_win_64/winavr/bin/../lib/gcc/avr/4.3.3/avr5\libgcc.a(_udivmodhi4.o)
                0x000013a0                __udivmodhi4
 .text.libgcc   0x000013c8       0x26 c:/users/ismail/downloads/amit/sdk_win_64/sdk_win_64/winavr/bin/../lib/gcc/avr/4.3.3/avr5\libgcc.a(_divmodhi4.o)
                0x000013c8                __divmodhi4
                0x000013c8                _div
 .text.libgcc   0x000013ee       0x44 c:/users/ismail/downloads/amit/sdk_win_64/sdk_win_64/winavr/bin/../lib/gcc/avr/4.3.3/avr5\libgcc.a(_udivmodsi4.o)
                0x000013ee                __udivmodsi4
 .text.libgcc   0x00001432        0x0 c:/users/ismail/downloads/amit/sdk_win_64/sdk_win_64/winavr/bin/../lib/gcc/avr/4.3.3/avr5\libgcc.a(_exit.o)
 .text.libgcc   0x00001432        0x0 c:/users/ismail/downloads/amit/sdk_win_64/sdk_win_64/winavr/bin/../lib/gcc/avr/4.3.3/avr5\libgcc.a(_copy_data.o)
 .text.libgcc   0x00001432        0x0 c:/users/ismail/downloads/amit/sdk_win_64/sdk_win_64/winavr/bin/../lib/gcc/avr/4.3.3/avr5\libgcc.a(_clear_bss.o)
                0x00001432                . = ALIGN (0x2)
 *(.fini9)
 .fini9         0x00001432        0x0 c:/users/ismail/downloads/amit/sdk_win_64/sdk_win_64/winavr/bin/../lib/gcc/avr/4.3.3/avr5\libgcc.a(_exit.o)
                0x00001432                exit
                0x00001432                _exit
 *(.fini9)
 *(.fini8)
 *(.fini8)
 *(.fini7)
 *(.fini7)
 *(.fini6)
 *(.fini6)
 *(.fini5)
 *(.fini5)
 *(.fini4)
 *(.fini4)
 *(.fini3)
 *(.fini3)
 *(.fini2)
 *(.fini2)
 *(.fini1)
 *(.fini1)
 *(.fini0)
 .fini0         0x00001432        0x4 c:/users/ismail/downloads/amit/sdk_win_64/sdk_win_64/winavr/bin/../lib/gcc/avr/4.3.3/avr5\libgcc.a(_exit.o)
 *(.fini0)
                0x00001436                _etext = .

.data           0x00800060       0x3e load address 0x00001436
                0x00800060                PROVIDE (__data_start, .)
 *(.data)
 .data          0x00800060        0x0 c:/users/ismail/downloads/amit/sdk_win_64/sdk_win_64/winavr/bin/../lib/gcc/avr/4.3.3/../../../../avr/lib/avr5/crtm32.o
 .data          0x00800060        0x0 ./MCAL/Timer0/Timer0.o
 .data          0x00800060        0x0 ./MCAL/PORT/PORT.o
 .data          0x00800060        0x0 ./MCAL/GIE/GIE.o
 .data          0x00800060        0x0 ./MCAL/EXIT/EXIT.o
 .data          0x00800060        0x0 ./MCAL/DIO/DIO.o
 .data          0x00800060        0x0 ./MCAL/ADC/ADC.o
 .data          0x00800060        0x0 ./HAL/SevenSegment/SevenSegment.o
 .data          0x00800060        0x0 ./HAL/LCD/LCD.o
 .data          0x00800060        0x0 ./HAL/KeyPad/KeyPad.o
 .data          0x00800060        0xb ./Application/App.o
 .data          0x0080006b       0x1b ./Application/Calculator.o
 .data          0x00800086        0x0 c:/users/ismail/downloads/amit/sdk_win_64/sdk_win_64/winavr/bin/../lib/gcc/avr/4.3.3/avr5\libgcc.a(_udivmodhi4.o)
 .data          0x00800086        0x0 c:/users/ismail/downloads/amit/sdk_win_64/sdk_win_64/winavr/bin/../lib/gcc/avr/4.3.3/avr5\libgcc.a(_divmodhi4.o)
 .data          0x00800086        0x0 c:/users/ismail/downloads/amit/sdk_win_64/sdk_win_64/winavr/bin/../lib/gcc/avr/4.3.3/avr5\libgcc.a(_udivmodsi4.o)
 .data          0x00800086        0x0 c:/users/ismail/downloads/amit/sdk_win_64/sdk_win_64/winavr/bin/../lib/gcc/avr/4.3.3/avr5\libgcc.a(_exit.o)
 .data          0x00800086        0x0 c:/users/ismail/downloads/amit/sdk_win_64/sdk_win_64/winavr/bin/../lib/gcc/avr/4.3.3/avr5\libgcc.a(_copy_data.o)
 .data          0x00800086        0x0 c:/users/ismail/downloads/amit/sdk_win_64/sdk_win_64/winavr/bin/../lib/gcc/avr/4.3.3/avr5\libgcc.a(_clear_bss.o)
 *(.data*)
 .data.KeyPadSwitchValues
                0x00800086       0x10 ./HAL/KeyPad/KeyPad.o
                0x00800086                KeyPadSwitchValues
 .data.u8ColArr
                0x00800096        0x4 ./HAL/KeyPad/KeyPad.o
                0x00800096                u8ColArr
 .data.u8RowArr
                0x0080009a        0x4 ./HAL/KeyPad/KeyPad.o
                0x0080009a                u8RowArr
 *(.rodata)
 *(.rodata*)
 *(.gnu.linkonce.d*)
                0x0080009e                . = ALIGN (0x2)
                0x0080009e                _edata = .
                0x0080009e                PROVIDE (__data_end, .)

.bss            0x0080009e        0xa
                0x0080009e                PROVIDE (__bss_start, .)
 *(.bss)
 .bss           0x0080009e        0x0 c:/users/ismail/downloads/amit/sdk_win_64/sdk_win_64/winavr/bin/../lib/gcc/avr/4.3.3/../../../../avr/lib/avr5/crtm32.o
 .bss           0x0080009e        0x0 ./MCAL/Timer0/Timer0.o
 .bss           0x0080009e        0x0 ./MCAL/PORT/PORT.o
 .bss           0x0080009e        0x0 ./MCAL/GIE/GIE.o
 .bss           0x0080009e        0x0 ./MCAL/EXIT/EXIT.o
 .bss           0x0080009e        0x0 ./MCAL/DIO/DIO.o
 .bss           0x0080009e        0x0 ./MCAL/ADC/ADC.o
 .bss           0x0080009e        0x0 ./HAL/SevenSegment/SevenSegment.o
 .bss           0x0080009e        0x0 ./HAL/LCD/LCD.o
 .bss           0x0080009e        0x0 ./HAL/KeyPad/KeyPad.o
 .bss           0x0080009e        0x0 ./Application/App.o
 .bss           0x0080009e        0x0 ./Application/Calculator.o
 .bss           0x0080009e        0x0 c:/users/ismail/downloads/amit/sdk_win_64/sdk_win_64/winavr/bin/../lib/gcc/avr/4.3.3/avr5\libgcc.a(_udivmodhi4.o)
 .bss           0x0080009e        0x0 c:/users/ismail/downloads/amit/sdk_win_64/sdk_win_64/winavr/bin/../lib/gcc/avr/4.3.3/avr5\libgcc.a(_divmodhi4.o)
 .bss           0x0080009e        0x0 c:/users/ismail/downloads/amit/sdk_win_64/sdk_win_64/winavr/bin/../lib/gcc/avr/4.3.3/avr5\libgcc.a(_udivmodsi4.o)
 .bss           0x0080009e        0x0 c:/users/ismail/downloads/amit/sdk_win_64/sdk_win_64/winavr/bin/../lib/gcc/avr/4.3.3/avr5\libgcc.a(_exit.o)
 .bss           0x0080009e        0x0 c:/users/ismail/downloads/amit/sdk_win_64/sdk_win_64/winavr/bin/../lib/gcc/avr/4.3.3/avr5\libgcc.a(_copy_data.o)
 .bss           0x0080009e        0x0 c:/users/ismail/downloads/amit/sdk_win_64/sdk_win_64/winavr/bin/../lib/gcc/avr/4.3.3/avr5\libgcc.a(_clear_bss.o)
 *(.bss*)
 .bss.Glob_OverflowISR_Ptr
                0x0080009e        0x2 ./MCAL/Timer0/Timer0.o
                0x0080009e                Glob_OverflowISR_Ptr
 .bss.Glob_CTC_ISR_Ptr
                0x008000a0        0x2 ./MCAL/Timer0/Timer0.o
                0x008000a0                Glob_CTC_ISR_Ptr
 .bss.gptr      0x008000a2        0x6 ./MCAL/EXIT/EXIT.o
                0x008000a2                gptr
 *(COMMON)
                0x008000a8                PROVIDE (__bss_end, .)
                0x00001436                __data_load_start = LOADADDR (.data)
                0x00001474                __data_load_end = (__data_load_start + SIZEOF (.data))

.noinit         0x008000a8        0x0
                0x008000a8                PROVIDE (__noinit_start, .)
 *(.noinit*)
                0x008000a8                PROVIDE (__noinit_end, .)
                0x008000a8                _end = .
                0x008000a8                PROVIDE (__heap_start, .)

.eeprom         0x00810000        0x0
 *(.eeprom*)
                0x00810000                __eeprom_end = .

.fuse
 *(.fuse)
 *(.lfuse)
 *(.hfuse)
 *(.efuse)

.lock
 *(.lock*)

.signature
 *(.signature*)

.stab
 *(.stab)

.stabstr
 *(.stabstr)

.stab.excl
 *(.stab.excl)

.stab.exclstr
 *(.stab.exclstr)

.stab.index
 *(.stab.index)

.stab.indexstr
 *(.stab.indexstr)

.comment
 *(.comment)

.debug
 *(.debug)

.line
 *(.line)

.debug_srcinfo
 *(.debug_srcinfo)

.debug_sfnames
 *(.debug_sfnames)

.debug_aranges
 *(.debug_aranges)

.debug_pubnames
 *(.debug_pubnames)

.debug_info
 *(.debug_info)
 *(.gnu.linkonce.wi.*)

.debug_abbrev
 *(.debug_abbrev)

.debug_line
 *(.debug_line)

.debug_frame
 *(.debug_frame)

.debug_str
 *(.debug_str)

.debug_loc
 *(.debug_loc)

.debug_macinfo
 *(.debug_macinfo)
OUTPUT(NTI_Drivers.elf elf32-avr)
LOAD linker stubs
