<html>
<body>
<pre>
<h1>µVision Build Log</h1>
<h2>Tool Versions:</h2>
IDE-Version: µVision V5.29.0.0
Copyright (C) 2019 ARM Ltd and ARM Germany GmbH. All rights reserved.
License Information: Sharpel M, Na, LIC=----
 
Tool Versions:
Toolchain:       MDK-Lite  Version: 5.29.0.0
Toolchain Path:  C:\Keil_v5\ARM\ARMCC\Bin
C Compiler:      Armcc.exe V5.06 update 6 (build 750)
Assembler:       Armasm.exe V5.06 update 6 (build 750)
Linker/Locator:  ArmLink.exe V5.06 update 6 (build 750)
Library Manager: ArmAr.exe V5.06 update 6 (build 750)
Hex Converter:   FromElf.exe V5.06 update 6 (build 750)
CPU DLL:         SARMCM3.DLL V5.29.0.0
Dialog DLL:      DCM.DLL V1.17.3.0
Target DLL:      STLink\ST-LINKIII-KEIL_SWO.dll V3.0.7.0
Dialog DLL:      TCM.DLL V1.36.5.0
 
<h2>Project:</h2>
D:\Automotive4month\STM32F\testProj\proj_one.uvprojx
Project File Date:  11/07/2023

<h2>Output:</h2>
*** Using Compiler 'V5.06 update 6 (build 750)', folder: 'C:\Keil_v5\ARM\ARMCC\Bin'
Rebuild target 'Target 1'
compiling main.c...
main.c(15): warning:  #177-D: variable "loc_delay"  was declared but never referenced
  	u32 loc_delay = FALSE;
main.c(16): warning:  #177-D: variable "val"  was declared but never referenced
  	u8  val       = TRUE;
main.c(33): warning:  #1-D: last line of file ends without a newline
  }
main.c: 3 warnings, 0 errors
compiling RCC.c...
RCC_pv.h(235): warning:  #1-D: last line of file ends without a newline
  #endif
RCC.c(420): warning:  #1-D: last line of file ends without a newline
  }
RCC.c(420): warning:  #940-D: missing return statement at end of non-void function "Rcc_enuCfgBusPrescalers" 
  }
RCC.c: 3 warnings, 0 errors
assembling startup_stm32f401xc.s...
compiling GPIO.c...
GPIO.c(309): warning:  #61-D: integer operation result is out of range
     PORTA_PIN15_CFG   
GPIO.c(309): warning:  #61-D: integer operation result is out of range
     PORTA_PIN15_CFG   
GPIO.c(309): warning:  #61-D: integer operation result is out of range
     PORTA_PIN15_CFG   
GPIO.c(309): warning:  #68-D: integer conversion resulted in a change of sign
     PORTA_PIN15_CFG   
GPIO.c(309): warning:  #61-D: integer operation result is out of range
     PORTA_PIN15_CFG   
GPIO.c(328): warning:  #61-D: integer operation result is out of range
     PORTB_PIN15_CFG   
GPIO.c(328): warning:  #61-D: integer operation result is out of range
     PORTB_PIN15_CFG   
GPIO.c(328): warning:  #61-D: integer operation result is out of range
     PORTB_PIN15_CFG   
GPIO.c(328): warning:  #68-D: integer conversion resulted in a change of sign
     PORTB_PIN15_CFG   
GPIO.c(328): warning:  #61-D: integer operation result is out of range
     PORTB_PIN15_CFG   
GPIO.c(346): warning:  #61-D: integer operation result is out of range
     PORTC_PIN15_CFG   
GPIO.c(346): warning:  #61-D: integer operation result is out of range
     PORTC_PIN15_CFG   
GPIO.c(346): warning:  #61-D: integer operation result is out of range
     PORTC_PIN15_CFG   
GPIO.c(346): warning:  #68-D: integer conversion resulted in a change of sign
     PORTC_PIN15_CFG   
GPIO.c(346): warning:  #61-D: integer operation result is out of range
     PORTC_PIN15_CFG   
GPIO.c(364): warning:  #61-D: integer operation result is out of range
     PORTD_PIN15_CFG   
GPIO.c(364): warning:  #61-D: integer operation result is out of range
     PORTD_PIN15_CFG   
GPIO.c(364): warning:  #61-D: integer operation result is out of range
     PORTD_PIN15_CFG   
GPIO.c(364): warning:  #68-D: integer conversion resulted in a change of sign
     PORTD_PIN15_CFG   
GPIO.c(364): warning:  #61-D: integer operation result is out of range
     PORTD_PIN15_CFG   
GPIO.c(383): warning:  #61-D: integer operation result is out of range
     PORTE_PIN15_CFG   
GPIO.c(383): warning:  #61-D: integer operation result is out of range
     PORTE_PIN15_CFG   
GPIO.c(383): warning:  #61-D: integer operation result is out of range
     PORTE_PIN15_CFG   
GPIO.c(383): warning:  #68-D: integer conversion resulted in a change of sign
     PORTE_PIN15_CFG   
GPIO.c(383): warning:  #61-D: integer operation result is out of range
     PORTE_PIN15_CFG   
GPIO.c(402): warning:  #61-D: integer operation result is out of range
     PORTH_PIN15_CFG   
GPIO.c(402): warning:  #61-D: integer operation result is out of range
     PORTH_PIN15_CFG   
GPIO.c(402): warning:  #61-D: integer operation result is out of range
     PORTH_PIN15_CFG   
GPIO.c(402): warning:  #68-D: integer conversion resulted in a change of sign
     PORTH_PIN15_CFG   
GPIO.c(402): warning:  #61-D: integer operation result is out of range
     PORTH_PIN15_CFG   
GPIO.c(404): warning:  #1-D: last line of file ends without a newline
  }
GPIO.c: 31 warnings, 0 errors
compiling SysTick.c...
SysTick_cfg.h(38): warning:  #1-D: last line of file ends without a newline
  #endif
SysTick.c(149): warning:  #1-D: last line of file ends without a newline
  }
SysTick.c(11): warning:  #550-D: variable "sgl_u32_SystemClock"  was set but never used
  static u32 sgl_u32_SystemClock  = F_CPU;
SysTick.c: 3 warnings, 0 errors
compiling system_stm32f4xx.c...
linking...
Program Size: Code=7180 RO-data=580 RW-data=28 ZI-data=1636  
FromELF: creating hex file...
".\Objects\proj_one.axf" - 0 Error(s), 40 Warning(s).

<h2>Software Packages used:</h2>

Package Vendor: ARM
                http://www.keil.com/pack/ARM.CMSIS.5.6.0.pack
                ARM.CMSIS.5.6.0
                CMSIS (Cortex Microcontroller Software Interface Standard)
   * Component: CORE Version: 5.3.0

Package Vendor: Keil
                https://www.keil.com/pack/Keil.STM32F4xx_DFP.2.17.1.pack
                Keil.STM32F4xx_DFP.2.17.1
                STMicroelectronics STM32F4 Series Device Support, Drivers and Examples
   * Component: Startup Version: 2.6.3

<h2>Collection of Component include folders:</h2>
  .\RTE\_Target_1
  C:\Users\sharb\AppData\Local\Arm\Packs\ARM\CMSIS\5.6.0\CMSIS\Core\Include
  C:\Users\sharb\AppData\Local\Arm\Packs\Keil\STM32F4xx_DFP\2.17.1\Drivers\CMSIS\Device\ST\STM32F4xx\Include

<h2>Collection of Component Files used:</h2>

   * Component: ARM::CMSIS:CORE:5.3.0

   * Component: Keil::Device:Startup:2.6.3
      Source file:   MDK\Device\Source\ARM\STM32F401xx_OPT.s
      Source file:   Drivers\CMSIS\Device\ST\STM32F4xx\Source\Templates\arm\startup_stm32f401xc.s
      Source file:   MDK\Device\Source\ARM\STM32F4xx_OTP.s
      Include file:  Drivers\CMSIS\Device\ST\STM32F4xx\Include\stm32f4xx.h
      Source file:   Drivers\CMSIS\Device\ST\STM32F4xx\Source\Templates\system_stm32f4xx.c
Build Time Elapsed:  00:00:02
</pre>
</body>
</html>
